1 aventus ok
2 hacivat ok
3 erbapura ok
4 naxos ok
5 layton ok
6 herod ok
7 althair ok
8 delina ok
9 br540 ok
10 oudwood ok
11 tobaccovanille ok
12 ombreleather ok
13 blackorchid ok
14 sauvageelixir ok
15 sauvageedp ok
16 bleuedp ok
17 yedp ok
18 libre ok
19 blackopium ok
20 cocomademoiselle ok
21 lemaleelixir ok
22 lebeauleparfum ok
23 swyintensely ok
24 adgprofumo ok
25 pradalhomme ok
26 onemillion ok
27 eros ok
28 cedratboise ok
29 arabianstonka ok
30 oudforgreatness ok
31 sideeffect ok
32 interlude ok
33 reflection ok
34 angelsshare ok
35 ombrenomade ok
36 khamrah ok
37 yara ok
38 asad ok
39 kalemat ok
40 hawas ok
41 9pm ok
42 lavieestbelle ok
43 goodgirl ok
44 alien ok
45 hypnoticpoison ok
46 terredhermes ok
47 gypsywater ok
48 vanilla28 ok
49 sauvageedt ok
50 fahrenheit ok
51 bleuparfum ok
52 allurehommesport ok
53 armanicode ok
54 adgedt ok
55 swy ok
56 lanuit ok
57 yedt ok
58 myslf ok
59 lunarossacarbon ok
60 lunarossaocean ok
61 erosflame ok
62 dylanblue ok
63 invictus ok
64 onemillionelixir ok
65 lemale ok
66 lemaleleparfum ok
67 scandalhomme ok
68 uomobornroma ok
69 uomointense ok
70 gentlemanedp ok
71 gentlemanreserve ok
72 explorer ok
73 legend ok
74 bossbottled ok
75 mostwantedparfum ok
76 badboy ok
77 burberryhero ok
78 noirextreme ok
79 lostcherry ok
80 bitterpeach ok
81 tuscanleather ok
82 neroliportofino ok
83 h24 ok
84 terreparfum ok
85 maninblack ok
86 tygar ok
87 woodessence ok
88 leaudissey ok
89 coolwater ok
90 lhommeideal ok
91 theonemen ok
92 lightbluemen ok
93 kdg ok
94 declaration ok
95 spicebombextreme ok
96 cocomademoiselleintense ok
97 chanelno5 ok
98 chanceeautendre ok
99 jadore ok
100 missdior ok
101 idole ok
102 monparis ok
103 libreintense ok
104 si ok
105 myway ok
106 guccibloom ok
107 floragardenia ok
108 paradoxe ok
109 pradacandy ok
110 burberryher ok
111 cloud ok
112 cheirosa62 ok
113 lovefestcherry ok
114 scandal ok
115 daisy ok
116 flowerbomb ok
117 narcisoforher ok
118 chloe ok
119 linterdit ok
120 olympea ok
121 ladymillion ok
122 goodgirlblush ok
123 woodsage ok
124 englishpear ok
125 peonysuede ok
126 git ok
127 smw ok
128 millesimeimperial ok
129 viking ok
130 aventusforher ok
131 br540extrait ok
132 pegasus ok
133 percival ok
134 greenley ok
135 sedley ok
136 carlisle ok
137 kalan ok
138 oriana ok
139 valaya ok
140 alexandriaii ok
141 renaissance ok
142 accento ok
143 torino21 ok
144 ani ok
145 hacivatx ok
146 wulongcha ok
147 fanyourflames ok
148 hundredsilentways ok
149 redtobacco ok
150 instantcrush ok
151 rosesvanille ok
152 blackaoud ok
153 rosesmusk ok
154 jubilationxxv ok
155 reflection45 ok
156 guidance ok
157 enclave ok
158 baldafrique ok
159 mojaveghost ok
160 blanche ok
161 blacksaffron ok
162 lovedontbeshy ok
163 goodgirlgonebad ok
164 rollinginlove ok
165 muscravageur ok
166 elysium ok
167 enigma ok
168 danger ok
169 amberaoud ok
170 imagination ok
171 limmensite ok
172 afternoonswim ok
173 meteore ok
174 nuitdefeu ok
175 megamare ok
176 blackafgano ok
177 molecule01 ok
178 grischarnel ok
179 rougesmoking ok
180 irishleather ok
181 ambresultan ok
182 unboisvanille ok
183 spiritueuxdoublevanille ok
184 santalroyal ok
185 tonkaimperiale ok
186 coromandel ok
187 sycomore ok
188 ambrenuit ok
189 oudispahan ok
190 boisdargent ok
191 grisdior ok
192 twilly ok
193 ameeraloudh ok
194 raghba ok
195 nebras ok
196 eclaire ok
197 angham ok
198 qaedalfursan ok
199 asadbourbon ok
200 khamrahqahwa ok
201 yaratous ok
202 yaracandy ok
203 liam ok
204 cdnimwoman ok
205 cdnsillage ok
206 turathiblue ok
207 shuhrah ok
208 daarej ok
209 wisaldhahab ok
210 aurum ok
211 silvershade ok
212 kalematblack ok
213 madawi ok
214 layali ok
done 214
